// Jest Snapshot v1, https://goo.gl/fbAQLP

exports[`prueba para el componente <HookApp /> debe de cargar bien el componente 1`] = `
<h1>
  HookApp
</h1>
`;
