// Jest Snapshot v1, https://goo.gl/fbAQLP

exports[`prueba para el componente <AddToDo /> debe de mostrarse correctamente 1`] = `
<form
  className="todo__form"
  onSubmit={[Function]}
>
  <label
    className="form__title"
    htmlFor="todo"
  >
     Today I need to 
  </label>
  <div
    className="form__input__group"
  >
    <input
      className="form__input"
      id="todo"
      onChange={[Function]}
      type="text"
      value=""
    />
    <input
      className="form__btn"
      type="submit"
      value="submit"
    />
  </div>
</form>
`;
