// Jest Snapshot v1, https://goo.gl/fbAQLP

exports[`prueba del componente <MultipleCustomHooks /> debe de mostrar la informaci√≥n 1`] = `
<div>
  <h1>
    BreakingBad Quotes
  </h1>
  <hr />
  <blockquote
    className="blockquote text-right"
  >
    <p
      className="mb-0"
    >
       
      Hey 
       
    </p>
    <footer
      className="blockquote-footer"
    >
       
      Ismael
       
    </footer>
  </blockquote>
  <button
    className="btn btn-primary"
    onClick={[Function]}
  >
    Siguiente quote
  </button>
</div>
`;

exports[`prueba del componente <MultipleCustomHooks /> debe de mostrarse correctamente 1`] = `
<div>
  <h1>
    BreakingBad Quotes
  </h1>
  <hr />
  <div
    className="alert alert-info text-center"
  >
    Loading...
  </div>
  <button
    className="btn btn-primary"
    onClick={[Function]}
  >
    Siguiente quote
  </button>
</div>
`;
